🚀 Launching browser...
💥 Fatal: browserType.launchPersistentContext: Opening in existing browser session. This usually means that the profile is already in use by another instance of Chromium.
Call log:
[2m  - <launching> /home/codespace/.cache/ms-playwright/chromium-1228/chrome-linux64/chrome --disable-field-trial-config --disable-background-networking --disable-background-timer-throttling --disable-backgrounding-occluded-windows --disable-back-forward-cache --disable-breakpad --disable-client-side-phishing-detection --disable-component-update --no-default-browser-check --disable-dev-shm-usage --disable-edgeupdater --disable-features=AvoidUnnecessaryBeforeUnloadCheckSync,BoundaryEventDispatchTracksNodeRemoval,DestroyProfileOnBrowserClose,DialMediaRouteProvider,GlobalMediaControls,HttpsUpgrades,LensOverlay,MediaRouter,PaintHolding,ThirdPartyStoragePartitioning,Translate,AutoDeElevate,RenderDocument,OptimizationHints,msForceBrowserSignIn,msEdgeUpdateLaunchServicesPreferredVersion --enable-features=CDPScreenshotNewSurface --allow-pre-commit-input --disable-hang-monitor --disable-ipc-flooding-protection --disable-popup-blocking --disable-prompt-on-repost --disable-renderer-backgrounding --force-color-profile=srgb --metrics-recording-only --no-first-run --password-store=basic --use-mock-keychain --no-service-autorun --export-tagged-pdf --disable-search-engine-choice-screen --unsafely-disable-devtools-self-xss-warnings --edge-skip-compat-layer-relaunch --disable-infobars --disable-search-engine-choice-screen --disable-sync --enable-unsafe-swiftshader --no-sandbox --no-sandbox --disable-setuid-sandbox --disable-infobars --window-position=0,0 --window-size=1366,768 --disable-blink-features=AutomationControlled --user-data-dir=/workspaces/Puppeterr/.puppeterr-profile --remote-debugging-pipe about:blank[22m
[2m  - <launched> pid=107702[22m
[2m  - [pid=107702][out] Opening in existing browser session.[22m
[2m  - [pid=107702] <gracefully close start>[22m
[2m  - [pid=107702] <kill>[22m
[2m  - [pid=107702] <will force kill>[22m
[2m  - [pid=107702] <process did exit: exitCode=0, signal=null>[22m
[2m  - [pid=107702] starting temporary directories cleanup[22m
[2m  - [pid=107702] finished temporary directories cleanup[22m
[2m  - [pid=107702] <gracefully close end>[22m

    at async Proxy.launchPersistentContext (/workspaces/Puppeterr/node_modules/playwright-extra/dist/index.cjs.js:703:25)
    at async /workspaces/Puppeterr/agent.js:7880:15 {
  log: [
    '  - <launching> /home/codespace/.cache/ms-playwright/chromium-1228/chrome-linux64/chrome --disable-field-trial-config --disable-background-networking --disable-background-timer-throttling --disable-backgrounding-occluded-windows --disable-back-forward-cache --disable-breakpad --disable-client-side-phishing-detection --disable-component-update --no-default-browser-check --disable-dev-shm-usage --disable-edgeupdater --disable-features=AvoidUnnecessaryBeforeUnloadCheckSync,BoundaryEventDispatchTracksNodeRemoval,DestroyProfileOnBrowserClose,DialMediaRouteProvider,GlobalMediaControls,HttpsUpgrades,LensOverlay,MediaRouter,PaintHolding,ThirdPartyStoragePartitioning,Translate,AutoDeElevate,RenderDocument,OptimizationHints,msForceBrowserSignIn,msEdgeUpdateLaunchServicesPreferredVersion --enable-features=CDPScreenshotNewSurface --allow-pre-commit-input --disable-hang-monitor --disable-ipc-flooding-protection --disable-popup-blocking --disable-prompt-on-repost --disable-renderer-backgrounding --force-color-profile=srgb --metrics-recording-only --no-first-run --password-store=basic --use-mock-keychain --no-service-autorun --export-tagged-pdf --disable-search-engine-choice-screen --unsafely-disable-devtools-self-xss-warnings --edge-skip-compat-layer-relaunch --disable-infobars --disable-search-engine-choice-screen --disable-sync --enable-unsafe-swiftshader --no-sandbox --no-sandbox --disable-setuid-sandbox --disable-infobars --window-position=0,0 --window-size=1366,768 --disable-blink-features=AutomationControlled --user-data-dir=/workspaces/Puppeterr/.puppeterr-profile --remote-debugging-pipe about:blank',
    '  - <launched> pid=107702',
    '  - [pid=107702][out] Opening in existing browser session.',
    '  - [pid=107702] <gracefully close start>',
    '  - [pid=107702] <kill>',
    '  - [pid=107702] <will force kill>',
    '  - [pid=107702] <process did exit: exitCode=0, signal=null>',
    '  - [pid=107702] starting temporary directories cleanup',
    '  - [pid=107702] finished temporary directories cleanup',
    '  - [pid=107702] <gracefully close end>'
  ],
  name: 'Error'
}
